// Jest Snapshot v1, https://jestjs.io/docs/snapshot-testing

exports[`default state 1`] = `
{
  "costModels": {
    "add": {
      "current": null,
      "error": null,
      "notification": null,
      "status": 0,
    },
    "costModels": null,
    "currentFilterType": "name",
    "currentFilterValue": "",
    "delete": {
      "error": null,
      "notification": null,
      "status": 0,
    },
    "dialogData": null,
    "fetch": {
      "error": null,
      "status": 0,
    },
    "isDialogOpen": {
      "addRate": false,
      "addSource": false,
      "createWizard": false,
      "deleteCostModel": false,
      "deleteDistribution": false,
      "deleteMarkup": false,
      "deleteRate": false,
      "deleteSource": false,
      "updateCostModel": false,
      "updateDistribution": false,
      "updateMarkup": false,
      "updateRate": false,
    },
    "redirect": {
      "error": null,
      "notification": null,
      "status": 0,
    },
    "update": {
      "current": null,
      "error": null,
      "notification": null,
      "status": 0,
    },
  },
}
`;
