// Jest Snapshot v1, https://goo.gl/fbAQLP

exports[`default state 1`] = `
Object {
  "apiErrors": null,
  "apiStatus": 0,
  "arn": "",
  "arnDirty": false,
  "arnValid": true,
  "clusterId": "",
  "clusterIdDirty": false,
  "clusterIdValid": true,
  "isConfirmShown": false,
  "isOpen": false,
  "name": "",
  "nameDirty": false,
  "nameValid": true,
  "s3BucketName": "",
  "s3BucketNameDirty": false,
  "s3BucketNameValid": true,
  "sourceKindChecks": Object {
    "install_openshift": false,
    "install_others": false,
  },
  "type": "",
  "typeDirty": false,
  "typeValid": true,
}
`;
