// Jest Snapshot v1, https://goo.gl/fbAQLP

exports[`default state 1`] = `
{
  "hasFeatureToggle": false,
  "isAccountInfoDetailsToggleEnabled": false,
  "isAccountInfoEmptyStateToggleEnabled": false,
  "isAwsEc2InstancesToggleEnabled": false,
  "isChartSkeletonToggleEnabled": false,
  "isDebugToggleEnabled": false,
  "isDetailsDateRangeToggleEnabled": false,
  "isExportsToggleEnabled": false,
  "isFinsightsToggleEnabled": false,
  "isIbmToggleEnabled": false,
  "isOcpCloudGroupBysToggleEnabled": false,
  "isProviderEmptyStateToggleEnabled": false,
  "isVirtualizationToggleEnabled": false,
}
`;
