// Jest Snapshot v1, https://goo.gl/fbAQLP

exports[`rate-table sort by metric & measurement 1`] = `
[
  <td
    class="pf-v5-c-table__td"
    tabindex="-1"
  >
    {value, select, cpu {CPU} cluster {Cluster} memory {Memory} node {Node} persistent_volume_claims {Persistent volume claims} storage {Storage} virtual_machine {Virtual machine}other {}}{"value":"Node"}
  </td>,
  <td
    class="pf-v5-c-table__td"
    tabindex="-1"
  >
    {value, select, cpu {CPU} cluster {Cluster} memory {Memory} node {Node} persistent_volume_claims {Persistent volume claims} storage {Storage} virtual_machine {Virtual machine}other {}}{"value":"CPU"}
  </td>,
  <td
    class="pf-v5-c-table__td"
    tabindex="-1"
  >
    {value, select, cpu {CPU} cluster {Cluster} memory {Memory} node {Node} persistent_volume_claims {Persistent volume claims} storage {Storage} virtual_machine {Virtual machine}other {}}{"value":"CPU"}
  </td>,
  <td
    class="pf-v5-c-table__td"
    tabindex="-1"
  >
    {value, select, cpu {CPU} cluster {Cluster} memory {Memory} node {Node} persistent_volume_claims {Persistent volume claims} storage {Storage} virtual_machine {Virtual machine}other {}}{"value":"CPU"}
  </td>,
]
`;
