// Jest Snapshot v1, https://goo.gl/fbAQLP

exports[`render total summary 1`] = `
.emotion-4 {
  display: -webkit-box;
  display: -webkit-flex;
  display: -ms-flexbox;
  display: flex;
  -webkit-align-items: center;
  -webkit-box-align: center;
  -ms-flex-align: center;
  align-items: center;
}

.emotion-0 {
  margin-top: 0;
  margin-bottom: 0;
  margin-right: var(--pf-global--spacer--md);
}

.emotion-1 {
  font-size: 0.875rem;
  color: var(--pf-global--Color--100);
}

.emotion-2 {
  font-size: 0.875rem;
  color: var(--pf-global--Color--200);
}

<div
  className="emotion-4"
>
  <Title
    className="emotion-0"
    size="4xl"
  >
    $27.12
  </Title>
  <div
    className="emotion-3"
  >
    <div
      className="emotion-1"
    >
      Total Cost
    </div>
    <div
      className="emotion-2"
    >
      5 weeks ago
    </div>
  </div>
</div>
`;
