// Jest Snapshot v1, https://goo.gl/fbAQLP

exports[`default state 1`] = `
Object {
  "byId": Map {},
  "errors": Map {},
  "fetchStatus": Map {},
}
`;

exports[`fetch export failure 1`] = `
Object {
  "data": Object {
    "data": Array [],
    "total": Object {
      "units": "USD",
      "value": 100,
    },
  },
  "timeRequested": 12345,
}
`;

exports[`fetch export success 1`] = `
Object {
  "data": Object {
    "data": Array [],
    "total": Object {
      "units": "USD",
      "value": 100,
    },
  },
  "timeRequested": 12345,
}
`;
