// Jest Snapshot v1, https://jestjs.io/docs/snapshot-testing

exports[`fetch widget reports 1`] = `
[
  [
    "azure",
    "cost",
    "currency=USD&filter%5Bresolution%5D=daily&filter%5Btime_scope_units%5D=month&filter%5Btime_scope_value%5D=-1",
  ],
  [
    "azure",
    "cost",
    "currency=USD&filter%5Bresolution%5D=daily&filter%5Btime_scope_units%5D=month&filter%5Btime_scope_value%5D=-2",
  ],
  [
    "azure",
    "cost",
    "currency=USD&filter%5Blimit%5D=3&filter%5Bresolution%5D=monthly&filter%5Btime_scope_units%5D=month&filter%5Btime_scope_value%5D=-1&group_by%5Bservice_name%5D=%2A",
  ],
]
`;

exports[`getGroupByForTab accounts tab 1`] = `
{
  "subscription_guid": "*",
}
`;

exports[`getGroupByForTab regions tab 1`] = `
{
  "resource_location": "*",
}
`;

exports[`getGroupByForTab services tab 1`] = `
{
  "service_name": "*",
}
`;

exports[`getGroupByForTab unknown tab 1`] = `{}`;
